Info: Start Nativelink Simulation process

========= EDA Simulation Settings =====================

Sim Mode              :  Gate
Family                :  cycloneive
Quartus root          :  e:/quartusprimelite18/quartus/bin64/
Quartus sim root      :  e:/quartusprimelite18/quartus/eda/sim_lib
Simulation Tool       :  active-hdl
Simulation Language   :  verilog
Simulation Mode       :  GUI
Sim Output File       :  HelloWorld.vo
Sim SDF file          :  HelloWorld__verilog.sdo
Sim dir               :  simulation\activehdl

=======================================================

Info: Starting NativeLink simulation with Active-HDL software
Sourced NativeLink script e:/quartusprimelite18/quartus/common/tcl/internal/nativelink/active-hdl.tcl
Error: Can't launch the Active-HDL software -- the path to the location of the executables for the Active-HDL software were not specified or the executables were not found at specified path.
Error: You can specify the path in the EDA Tool Options page of the Options dialog box or using the Tcl command set_user_option.
Error: Can't launch the Active-HDL software -- the path to the location of the executables for the Active-HDL software were not specified or the executables were not found at specified path.
Error: NativeLink simulation flow was NOT successful



================The following additional information is provided to help identify the cause of error while running nativelink scripts=================
Nativelink TCL script failed with errorCode:  
Nativelink TCL script failed with errorInfo:  Can't launch the Active-HDL software -- the path to the location of the executables for the Active-HDL software were not specified or the executables were not found at specified path.
    while executing
"error "$emsg" ""  """
    (procedure "launch_sim" line 17)
    invoked from within
"launch_sim launch_args_hash"
    ("eval" body line 1)
    invoked from within
"eval launch_sim launch_args_hash"
    invoked from within
"if [ info exists ::errorCode ] {
                set savedCode $::errorCode
                set savedInfo $::errorInfo
                error $result $..."
    invoked from within
"if [catch {eval launch_sim launch_args_hash} result ] {
            set status 1
            if [ info exists ::errorCode ] {
                set save..."
    (procedure "run_sim" line 74)
    invoked from within
"run_sim run_sim_args_hash"
    invoked from within
"if [ info exists ::errorCode ] {
            set savedCode $::errorCode
            set savedInfo $::errorInfo
            error "$result" $savedInfo ..."
    (procedure "run_eda_simulation_tool" line 334)
    invoked from within
"run_eda_simulation_tool eda_opts_hash"
